
============================================================
  OptiComp - Suite de Pruebas de Integracion (Guia 10)
  Servidor: 192.168.56.102
  Fecha: dom 31 may 2026 23:25:39 UTC
============================================================

=== BLOQUE 1: Conectividad HTTP (Apache corriendo) ===
  [FAIL] GET / (Home) — HTTP 500, esperado 200

=== BLOQUE 2: WSDL publicado ===
  [PASS] GET WSDL (HTTP 200)
  [PASS] WSDL contiene <definitions>
  [PASS] WSDL contiene operacion pingServidor
  [PASS] WSDL contiene operacion consultarProductos

=== BLOQUE 3: SOAP - pingServidor ===
  [PASS] SOAP POST pingServidor (HTTP 200)
  [PASS] Response es Envelope SOAP valido
  [PASS] pingServidor retorna mensaje correcto
  Response: <?xml version="1.0" encoding="UTF-8"?> <SOAP-ENV:Envelope xmlns:SOAP-ENV="http://schemas.xmlsoap.org/soap/envelope/" xmlns:ns1="urn:OptiCompService" xmlns:xsd="http://www.w3.org/2001/XMLSchema" xmlns:xsi="http://www.w3.org/2001/XMLSchema-instance" xmlns:SOAP-ENC="http://schemas.xmlsoap.org/soap/enco

=== BLOQUE 4: SOAP - consultarProductos ===
  [PASS] SOAP POST consultarProductos (HTTP 200)
  [FAIL] Response no contiene SOAP Body

=== BLOQUE 5: API XML - consultarProductos ===
  [PASS] XML POST consultarProductos (HTTP 200)
  [FAIL] API XML no retorna OK

=== BLOQUE 6: Estabilidad - 10 peticiones concurrentes a pingServidor ===
  Peticiones exitosas: 10/10
  [PASS] Servidor estable (>=90% exito)

=== BLOQUE 7: Registro UDDI accesible ===
  [PASS] GET uddi_registry.json (HTTP 200)

============================================================
  RESUMEN FINAL
  Total pruebas: 14
  PASS: 11
  FAIL: 3
  Log guardado en: logs/pruebas_guia10_20260531_232539.log
============================================================
  RESULTADO: HAY 3 PRUEBA(S) FALLIDAS


============================================================
  OptiComp - Suite de Pruebas de Integracion (Guia 10)
  Servidor: localhost
  Fecha: dom 31 may 2026 23:25:39 UTC
============================================================

=== BLOQUE 1: Conectividad HTTP (Apache corriendo) ===
  [FAIL] GET / (Home) — HTTP 500, esperado 200

=== BLOQUE 2: WSDL publicado ===
  [PASS] GET WSDL (HTTP 200)
  [PASS] WSDL contiene <definitions>
  [PASS] WSDL contiene operacion pingServidor
  [PASS] WSDL contiene operacion consultarProductos

=== BLOQUE 3: SOAP - pingServidor ===
  [PASS] SOAP POST pingServidor (HTTP 200)
  [PASS] Response es Envelope SOAP valido
  [PASS] pingServidor retorna mensaje correcto
  Response: <?xml version="1.0" encoding="UTF-8"?> <SOAP-ENV:Envelope xmlns:SOAP-ENV="http://schemas.xmlsoap.org/soap/envelope/" xmlns:ns1="urn:OptiCompService" xmlns:xsd="http://www.w3.org/2001/XMLSchema" xmlns:xsi="http://www.w3.org/2001/XMLSchema-instance" xmlns:SOAP-ENC="http://schemas.xmlsoap.org/soap/enco

=== BLOQUE 4: SOAP - consultarProductos ===
  [PASS] SOAP POST consultarProductos (HTTP 200)
  [FAIL] Response no contiene SOAP Body

=== BLOQUE 5: API XML - consultarProductos ===
  [PASS] XML POST consultarProductos (HTTP 200)
  [FAIL] API XML no retorna OK

=== BLOQUE 6: Estabilidad - 10 peticiones concurrentes a pingServidor ===
  Peticiones exitosas: 10/10
  [PASS] Servidor estable (>=90% exito)

=== BLOQUE 7: Registro UDDI accesible ===
  [PASS] GET uddi_registry.json (HTTP 200)

============================================================
  RESUMEN FINAL
  Total pruebas: 14
  PASS: 11
  FAIL: 3
  Log guardado en: logs/pruebas_guia10_20260531_232539.log
============================================================
  RESULTADO: HAY 3 PRUEBA(S) FALLIDAS

